// Jest Snapshot v1, https://goo.gl/fbAQLP

exports[`loads and displays the app 1`] = `<_default />`;
